---
source: tui/src/update_prompt.rs
assertion_line: 307
expression: "crate::version::normalize_cli_version_for_snapshot(&rendered)"
---

  Update available · <VERSION> → 9.9.9
  Release notes: https://github.com/rebroad/codex/releases/latest

› 1. Update now (runs `npm install -g @reb.ai/codex`)
  2. Skip
  3. Skip until next version

  enter continue · esc skip
