---
source: tui/src/startup_draft_layout_tests.rs
expression: "crate::version::normalize_cli_version_for_snapshot(&format!(\"cursor={:?}\\n{frame}\",\nlayout.cursor_pos(area)))"
---
cursor=Some((13, 12))
                                                
  >_ OpenAI Codex (v<VERSION>)
     loading                                    
                                                
                                                
                                                
                                                
                                                
                                                
                                                
                                                
› first line                                    
  second line                                   
                                                
                                                
  Waiting for startup  · esc cancel
