---
source: tui/src/history_cell/tests.rs
assertion_line: 1381
expression: rendered
---
╭──────────────────────────────────────────────────╮
│ ✨ Update available! <VERSION> -> 9.9.9   │
│ Run npm install -g @reb.ai/codex to update.      │
│                                                  │
│ See full release notes:                          │
│ https://github.com/rebroad/codex/releases/latest │
╰──────────────────────────────────────────────────╯
